ARM Linker, 4.1 [Build 791] [Evaluation]

==============================================================================

Section Cross References

    startup.o(RESET) refers to startup.o(STACK) for StackMem
    startup.o(RESET) refers to display_switch_main.o(.text) for SysTick_Handler
    startup.o(RESET) refers to entry.o(.ARM.Collect$$$$00000000) for __main
    output.o(.text) refers to rit128x96x4.o(.text) for RIT128x96x4StringDraw
    output.o(.text) refers to output.o(.bss) for CharBuffer
    output.o(.text) refers to output.o(.data) for Color
    rit128x96x4.o(.text) refers to ssi.o(i.SSIBusy) for SSIBusy
    rit128x96x4.o(.text) refers to gpio.o(.text) for GPIOPinWrite
    rit128x96x4.o(.text) refers to ssi.o(i.SSIDataPut) for SSIDataPut
    rit128x96x4.o(.text) refers to ssi.o(i.SSIDisable) for SSIDisable
    rit128x96x4.o(.text) refers to sysctl.o(i.SysCtlClockGet) for SysCtlClockGet
    rit128x96x4.o(.text) refers to ssi.o(i.SSIConfigSetExpClk) for SSIConfigSetExpClk
    rit128x96x4.o(.text) refers to ssi.o(i.SSIEnable) for SSIEnable
    rit128x96x4.o(.text) refers to ssi.o(i.SSIDataGetNonBlocking) for SSIDataGetNonBlocking
    rit128x96x4.o(.text) refers to sysctl.o(i.SysCtlPeripheralEnable) for SysCtlPeripheralEnable
    rit128x96x4.o(.text) refers to rit128x96x4.o(.data) for g_ulSSIFlags
    rit128x96x4.o(.text) refers to rit128x96x4.o(.constdata) for pucCommand1
    display_switch_main.o(.text) refers to gpio.o(.text) for GPIOIntTypeSet
    display_switch_main.o(.text) refers to interrupt.o(i.IntPrioritySet) for IntPrioritySet
    display_switch_main.o(.text) refers to interrupt.o(i.IntEnable) for IntEnable
    display_switch_main.o(.text) refers to interrupt.o(i.IntMasterEnable) for IntMasterEnable
    display_switch_main.o(.text) refers to systick.o(i.SysTickPeriodSet) for SysTickPeriodSet
    display_switch_main.o(.text) refers to systick.o(i.SysTickIntEnable) for SysTickIntEnable
    display_switch_main.o(.text) refers to systick.o(i.SysTickEnable) for SysTickEnable
    display_switch_main.o(.text) refers to rand.o(.text) for rand
    display_switch_main.o(.text) refers to dflti.o(.text) for __aeabi_i2d
    display_switch_main.o(.text) refers to ddiv.o(.text) for __aeabi_ddiv
    display_switch_main.o(.text) refers to dfltui.o(.text) for __aeabi_ui2d
    display_switch_main.o(.text) refers to dmul.o(.text) for __aeabi_dmul
    display_switch_main.o(.text) refers to dadd.o(.text) for __aeabi_dadd
    display_switch_main.o(.text) refers to dfixui.o(.text) for __aeabi_d2uiz
    display_switch_main.o(.text) refers to rit128x96x4.o(.text) for RIT128x96x4ImageDraw
    display_switch_main.o(.text) refers to output.o(.text) for Output_Color
    display_switch_main.o(.text) refers to printf3.o(i.__0printf$3) for __2printf
    display_switch_main.o(.text) refers to display_switch_main.o(.emb_text) for Delay
    display_switch_main.o(.text) refers to display_switch_main.o(.data) for FallingEdges
    display_switch_main.o(.text) refers to display_switch_main.o(.constdata) for fruit
    display_switch_main.o(.text) refers to display_switch_main.o(.bss) for SnakeX
    gpio.o(.text) refers to interrupt.o(i.IntRegister) for IntRegister
    gpio.o(.text) refers to interrupt.o(i.IntEnable) for IntEnable
    gpio.o(.text) refers to interrupt.o(i.IntDisable) for IntDisable
    gpio.o(.text) refers to interrupt.o(i.IntUnregister) for IntUnregister
    gpio.o(.text) refers to gpio.o(.constdata) for g_pulGPIOBaseAddrs
    interrupt.o(i.IntDisable) refers to interrupt.o(.constdata) for .constdata
    interrupt.o(i.IntEnable) refers to interrupt.o(.constdata) for .constdata
    interrupt.o(i.IntIsEnabled) refers to interrupt.o(.constdata) for .constdata
    interrupt.o(i.IntMasterDisable) refers to cpu.o(.emb_text) for CPUcpsid
    interrupt.o(i.IntMasterEnable) refers to cpu.o(.emb_text) for CPUcpsie
    interrupt.o(i.IntPendClear) refers to interrupt.o(.constdata) for .constdata
    interrupt.o(i.IntPendSet) refers to interrupt.o(.constdata) for .constdata
    interrupt.o(i.IntPriorityGet) refers to interrupt.o(.constdata) for .constdata
    interrupt.o(i.IntPriorityGroupingGet) refers to interrupt.o(.constdata) for .constdata
    interrupt.o(i.IntPriorityGroupingSet) refers to interrupt.o(.constdata) for .constdata
    interrupt.o(i.IntPriorityMaskGet) refers to cpu.o(.emb_text) for CPUbasepriGet
    interrupt.o(i.IntPriorityMaskSet) refers to cpu.o(.emb_text) for CPUbasepriSet
    interrupt.o(i.IntPrioritySet) refers to interrupt.o(.constdata) for .constdata
    interrupt.o(i.IntRegister) refers to interrupt.o(vtable) for vtable
    interrupt.o(i.IntUnregister) refers to interrupt.o(i.IntDefaultHandler) for IntDefaultHandler
    interrupt.o(i.IntUnregister) refers to interrupt.o(vtable) for vtable
    ssi.o(i.SSIIntRegister) refers to interrupt.o(i.IntRegister) for IntRegister
    ssi.o(i.SSIIntRegister) refers to interrupt.o(i.IntEnable) for IntEnable
    ssi.o(i.SSIIntRegister) refers to ssi.o(.constdata) for .constdata
    ssi.o(i.SSIIntUnregister) refers to interrupt.o(i.IntDisable) for IntDisable
    ssi.o(i.SSIIntUnregister) refers to interrupt.o(i.IntUnregister) for IntUnregister
    ssi.o(i.SSIIntUnregister) refers to ssi.o(.constdata) for .constdata
    sysctl.o(i.SysCtlClockGet) refers to sysctl.o(.constdata) for .constdata
    sysctl.o(i.SysCtlClockSet) refers to sysctl.o(.emb_text) for SysCtlDelay
    sysctl.o(i.SysCtlDeepSleep) refers to cpu.o(.emb_text) for CPUwfi
    sysctl.o(i.SysCtlI2SMClkSet) refers to sysctl.o(.constdata) for .constdata
    sysctl.o(i.SysCtlIntRegister) refers to interrupt.o(i.IntRegister) for IntRegister
    sysctl.o(i.SysCtlIntRegister) refers to interrupt.o(i.IntEnable) for IntEnable
    sysctl.o(i.SysCtlIntUnregister) refers to interrupt.o(i.IntDisable) for IntDisable
    sysctl.o(i.SysCtlIntUnregister) refers to interrupt.o(i.IntUnregister) for IntUnregister
    sysctl.o(i.SysCtlPeripheralDeepSleepDisable) refers to sysctl.o(.constdata) for .constdata
    sysctl.o(i.SysCtlPeripheralDeepSleepEnable) refers to sysctl.o(.constdata) for .constdata
    sysctl.o(i.SysCtlPeripheralDisable) refers to sysctl.o(.constdata) for .constdata
    sysctl.o(i.SysCtlPeripheralEnable) refers to sysctl.o(.constdata) for .constdata
    sysctl.o(i.SysCtlPeripheralPowerOff) refers to sysctl.o(.constdata) for .constdata
    sysctl.o(i.SysCtlPeripheralPowerOn) refers to sysctl.o(.constdata) for .constdata
    sysctl.o(i.SysCtlPeripheralPresent) refers to sysctl.o(.constdata) for .constdata
    sysctl.o(i.SysCtlPeripheralReady) refers to sysctl.o(.constdata) for .constdata
    sysctl.o(i.SysCtlPeripheralReset) refers to sysctl.o(.constdata) for .constdata
    sysctl.o(i.SysCtlPeripheralSleepDisable) refers to sysctl.o(.constdata) for .constdata
    sysctl.o(i.SysCtlPeripheralSleepEnable) refers to sysctl.o(.constdata) for .constdata
    sysctl.o(i.SysCtlSleep) refers to cpu.o(.emb_text) for CPUwfi
    systick.o(i.SysTickIntRegister) refers to interrupt.o(i.IntRegister) for IntRegister
    systick.o(i.SysTickIntUnregister) refers to interrupt.o(i.IntUnregister) for IntUnregister
    entry.o(.ARM.Collect$$$$00000000) refers (Special) to entry7b.o(.ARM.Collect$$$$00000008) for _main_clock
    entry.o(.ARM.Collect$$$$00000000) refers (Special) to entry8.o(.ARM.Collect$$$$00000009) for _main_init
    entry.o(.ARM.Collect$$$$00000000) refers (Special) to entry5.o(.ARM.Collect$$$$00000004) for _main_scatterload
    entry.o(.ARM.Collect$$$$00000000) refers (Special) to entry2.o(.ARM.Collect$$$$00000001) for _main_stk
    rand.o(.text) refers to rand.o(.data) for .data
    printfb.o(i.__0fprintf$bare) refers to printfb.o(i._printf_core) for _printf_core
    printfb.o(i.__0fprintf$bare) refers to output.o(.text) for fputc
    printfb.o(i.__0printf$bare) refers to printfb.o(i._printf_core) for _printf_core
    printfb.o(i.__0printf$bare) refers to output.o(.text) for fputc
    printfb.o(i.__0printf$bare) refers to stdout.o(.data) for __stdout
    printfb.o(i.__0snprintf$bare) refers to printfb.o(i._printf_core) for _printf_core
    printfb.o(i.__0snprintf$bare) refers to printfb.o(i._snputc) for _snputc
    printfb.o(i.__0sprintf$bare) refers to printfb.o(i._printf_core) for _printf_core
    printfb.o(i.__0sprintf$bare) refers to printfb.o(i._sputc) for _sputc
    printfb.o(i.__0vfprintf$bare) refers to printfb.o(i._printf_core) for _printf_core
    printfb.o(i.__0vfprintf$bare) refers to output.o(.text) for fputc
    printfb.o(i.__0vprintf$bare) refers to printfb.o(i._printf_core) for _printf_core
    printfb.o(i.__0vprintf$bare) refers to output.o(.text) for fputc
    printfb.o(i.__0vprintf$bare) refers to stdout.o(.data) for __stdout
    printfb.o(i.__0vsnprintf$bare) refers to printfb.o(i._printf_core) for _printf_core
    printfb.o(i.__0vsnprintf$bare) refers to printfb.o(i._snputc) for _snputc
    printfb.o(i.__0vsprintf$bare) refers to printfb.o(i._printf_core) for _printf_core
    printfb.o(i.__0vsprintf$bare) refers to printfb.o(i._sputc) for _sputc
    printf0.o(i.__0fprintf$0) refers to printf0.o(i._printf_core) for _printf_core
    printf0.o(i.__0fprintf$0) refers to output.o(.text) for fputc
    printf0.o(i.__0printf$0) refers to printf0.o(i._printf_core) for _printf_core
    printf0.o(i.__0printf$0) refers to output.o(.text) for fputc
    printf0.o(i.__0printf$0) refers to stdout.o(.data) for __stdout
    printf0.o(i.__0snprintf$0) refers to printf0.o(i._printf_core) for _printf_core
    printf0.o(i.__0snprintf$0) refers to printf0.o(i._snputc) for _snputc
    printf0.o(i.__0sprintf$0) refers to printf0.o(i._printf_core) for _printf_core
    printf0.o(i.__0sprintf$0) refers to printf0.o(i._sputc) for _sputc
    printf0.o(i.__0vfprintf$0) refers to printf0.o(i._printf_core) for _printf_core
    printf0.o(i.__0vfprintf$0) refers to output.o(.text) for fputc
    printf0.o(i.__0vprintf$0) refers to printf0.o(i._printf_core) for _printf_core
    printf0.o(i.__0vprintf$0) refers to output.o(.text) for fputc
    printf0.o(i.__0vprintf$0) refers to stdout.o(.data) for __stdout
    printf0.o(i.__0vsnprintf$0) refers to printf0.o(i._printf_core) for _printf_core
    printf0.o(i.__0vsnprintf$0) refers to printf0.o(i._snputc) for _snputc
    printf0.o(i.__0vsprintf$0) refers to printf0.o(i._printf_core) for _printf_core
    printf0.o(i.__0vsprintf$0) refers to printf0.o(i._sputc) for _sputc
    printf1.o(i.__0fprintf$1) refers to printf1.o(i._printf_core) for _printf_core
    printf1.o(i.__0fprintf$1) refers to output.o(.text) for fputc
    printf1.o(i.__0printf$1) refers to printf1.o(i._printf_core) for _printf_core
    printf1.o(i.__0printf$1) refers to output.o(.text) for fputc
    printf1.o(i.__0printf$1) refers to stdout.o(.data) for __stdout
    printf1.o(i.__0snprintf$1) refers to printf1.o(i._printf_core) for _printf_core
    printf1.o(i.__0snprintf$1) refers to printf1.o(i._snputc) for _snputc
    printf1.o(i.__0sprintf$1) refers to printf1.o(i._printf_core) for _printf_core
    printf1.o(i.__0sprintf$1) refers to printf1.o(i._sputc) for _sputc
    printf1.o(i.__0vfprintf$1) refers to printf1.o(i._printf_core) for _printf_core
    printf1.o(i.__0vfprintf$1) refers to output.o(.text) for fputc
    printf1.o(i.__0vprintf$1) refers to printf1.o(i._printf_core) for _printf_core
    printf1.o(i.__0vprintf$1) refers to output.o(.text) for fputc
    printf1.o(i.__0vprintf$1) refers to stdout.o(.data) for __stdout
    printf1.o(i.__0vsnprintf$1) refers to printf1.o(i._printf_core) for _printf_core
    printf1.o(i.__0vsnprintf$1) refers to printf1.o(i._snputc) for _snputc
    printf1.o(i.__0vsprintf$1) refers to printf1.o(i._printf_core) for _printf_core
    printf1.o(i.__0vsprintf$1) refers to printf1.o(i._sputc) for _sputc
    printf1.o(i._printf_core) refers to uidiv.o(.text) for __aeabi_uidivmod
    printf2.o(i.__0fprintf$2) refers to printf2.o(i._printf_core) for _printf_core
    printf2.o(i.__0fprintf$2) refers to output.o(.text) for fputc
    printf2.o(i.__0printf$2) refers to printf2.o(i._printf_core) for _printf_core
    printf2.o(i.__0printf$2) refers to output.o(.text) for fputc
    printf2.o(i.__0printf$2) refers to stdout.o(.data) for __stdout
    printf2.o(i.__0snprintf$2) refers to printf2.o(i._printf_core) for _printf_core
    printf2.o(i.__0snprintf$2) refers to printf2.o(i._snputc) for _snputc
    printf2.o(i.__0sprintf$2) refers to printf2.o(i._printf_core) for _printf_core
    printf2.o(i.__0sprintf$2) refers to printf2.o(i._sputc) for _sputc
    printf2.o(i.__0vfprintf$2) refers to printf2.o(i._printf_core) for _printf_core
    printf2.o(i.__0vfprintf$2) refers to output.o(.text) for fputc
    printf2.o(i.__0vprintf$2) refers to printf2.o(i._printf_core) for _printf_core
    printf2.o(i.__0vprintf$2) refers to output.o(.text) for fputc
    printf2.o(i.__0vprintf$2) refers to stdout.o(.data) for __stdout
    printf2.o(i.__0vsnprintf$2) refers to printf2.o(i._printf_core) for _printf_core
    printf2.o(i.__0vsnprintf$2) refers to printf2.o(i._snputc) for _snputc
    printf2.o(i.__0vsprintf$2) refers to printf2.o(i._printf_core) for _printf_core
    printf2.o(i.__0vsprintf$2) refers to printf2.o(i._sputc) for _sputc
    printf3.o(i.__0fprintf$3) refers to printf3.o(i._printf_core) for _printf_core
    printf3.o(i.__0fprintf$3) refers to output.o(.text) for fputc
    printf3.o(i.__0printf$3) refers to printf3.o(i._printf_core) for _printf_core
    printf3.o(i.__0printf$3) refers to output.o(.text) for fputc
    printf3.o(i.__0printf$3) refers to stdout.o(.data) for __stdout
    printf3.o(i.__0snprintf$3) refers to printf3.o(i._printf_core) for _printf_core
    printf3.o(i.__0snprintf$3) refers to printf3.o(i._snputc) for _snputc
    printf3.o(i.__0sprintf$3) refers to printf3.o(i._printf_core) for _printf_core
    printf3.o(i.__0sprintf$3) refers to printf3.o(i._sputc) for _sputc
    printf3.o(i.__0vfprintf$3) refers to printf3.o(i._printf_core) for _printf_core
    printf3.o(i.__0vfprintf$3) refers to output.o(.text) for fputc
    printf3.o(i.__0vprintf$3) refers to printf3.o(i._printf_core) for _printf_core
    printf3.o(i.__0vprintf$3) refers to output.o(.text) for fputc
    printf3.o(i.__0vprintf$3) refers to stdout.o(.data) for __stdout
    printf3.o(i.__0vsnprintf$3) refers to printf3.o(i._printf_core) for _printf_core
    printf3.o(i.__0vsnprintf$3) refers to printf3.o(i._snputc) for _snputc
    printf3.o(i.__0vsprintf$3) refers to printf3.o(i._printf_core) for _printf_core
    printf3.o(i.__0vsprintf$3) refers to printf3.o(i._sputc) for _sputc
    printf3.o(i._printf_core) refers to uidiv.o(.text) for __aeabi_uidivmod
    printf4.o(i.__0fprintf$4) refers to printf4.o(i._printf_core) for _printf_core
    printf4.o(i.__0fprintf$4) refers to output.o(.text) for fputc
    printf4.o(i.__0printf$4) refers to printf4.o(i._printf_core) for _printf_core
    printf4.o(i.__0printf$4) refers to output.o(.text) for fputc
    printf4.o(i.__0printf$4) refers to stdout.o(.data) for __stdout
    printf4.o(i.__0snprintf$4) refers to printf4.o(i._printf_core) for _printf_core
    printf4.o(i.__0snprintf$4) refers to printf4.o(i._snputc) for _snputc
    printf4.o(i.__0sprintf$4) refers to printf4.o(i._printf_core) for _printf_core
    printf4.o(i.__0sprintf$4) refers to printf4.o(i._sputc) for _sputc
    printf4.o(i.__0vfprintf$4) refers to printf4.o(i._printf_core) for _printf_core
    printf4.o(i.__0vfprintf$4) refers to output.o(.text) for fputc
    printf4.o(i.__0vprintf$4) refers to printf4.o(i._printf_core) for _printf_core
    printf4.o(i.__0vprintf$4) refers to output.o(.text) for fputc
    printf4.o(i.__0vprintf$4) refers to stdout.o(.data) for __stdout
    printf4.o(i.__0vsnprintf$4) refers to printf4.o(i._printf_core) for _printf_core
    printf4.o(i.__0vsnprintf$4) refers to printf4.o(i._snputc) for _snputc
    printf4.o(i.__0vsprintf$4) refers to printf4.o(i._printf_core) for _printf_core
    printf4.o(i.__0vsprintf$4) refers to printf4.o(i._sputc) for _sputc
    printf4.o(i._printf_core) refers to uldiv.o(.text) for __aeabi_uldivmod
    printf5.o(i.__0fprintf$5) refers to printf5.o(i._printf_core) for _printf_core
    printf5.o(i.__0fprintf$5) refers to output.o(.text) for fputc
    printf5.o(i.__0printf$5) refers to printf5.o(i._printf_core) for _printf_core
    printf5.o(i.__0printf$5) refers to output.o(.text) for fputc
    printf5.o(i.__0printf$5) refers to stdout.o(.data) for __stdout
    printf5.o(i.__0snprintf$5) refers to printf5.o(i._printf_core) for _printf_core
    printf5.o(i.__0snprintf$5) refers to printf5.o(i._snputc) for _snputc
    printf5.o(i.__0sprintf$5) refers to printf5.o(i._printf_core) for _printf_core
    printf5.o(i.__0sprintf$5) refers to printf5.o(i._sputc) for _sputc
    printf5.o(i.__0vfprintf$5) refers to printf5.o(i._printf_core) for _printf_core
    printf5.o(i.__0vfprintf$5) refers to output.o(.text) for fputc
    printf5.o(i.__0vprintf$5) refers to printf5.o(i._printf_core) for _printf_core
    printf5.o(i.__0vprintf$5) refers to output.o(.text) for fputc
    printf5.o(i.__0vprintf$5) refers to stdout.o(.data) for __stdout
    printf5.o(i.__0vsnprintf$5) refers to printf5.o(i._printf_core) for _printf_core
    printf5.o(i.__0vsnprintf$5) refers to printf5.o(i._snputc) for _snputc
    printf5.o(i.__0vsprintf$5) refers to printf5.o(i._printf_core) for _printf_core
    printf5.o(i.__0vsprintf$5) refers to printf5.o(i._sputc) for _sputc
    printf5.o(i._printf_core) refers to uldiv.o(.text) for __aeabi_uldivmod
    printf6.o(i.__0fprintf$6) refers to printf6.o(i._printf_core) for _printf_core
    printf6.o(i.__0fprintf$6) refers to output.o(.text) for fputc
    printf6.o(i.__0printf$6) refers to printf6.o(i._printf_core) for _printf_core
    printf6.o(i.__0printf$6) refers to output.o(.text) for fputc
    printf6.o(i.__0printf$6) refers to stdout.o(.data) for __stdout
    printf6.o(i.__0snprintf$6) refers to printf6.o(i._printf_core) for _printf_core
    printf6.o(i.__0snprintf$6) refers to printf6.o(i._snputc) for _snputc
    printf6.o(i.__0sprintf$6) refers to printf6.o(i._printf_core) for _printf_core
    printf6.o(i.__0sprintf$6) refers to printf6.o(i._sputc) for _sputc
    printf6.o(i.__0vfprintf$6) refers to printf6.o(i._printf_core) for _printf_core
    printf6.o(i.__0vfprintf$6) refers to output.o(.text) for fputc
    printf6.o(i.__0vprintf$6) refers to printf6.o(i._printf_core) for _printf_core
    printf6.o(i.__0vprintf$6) refers to output.o(.text) for fputc
    printf6.o(i.__0vprintf$6) refers to stdout.o(.data) for __stdout
    printf6.o(i.__0vsnprintf$6) refers to printf6.o(i._printf_core) for _printf_core
    printf6.o(i.__0vsnprintf$6) refers to printf6.o(i._snputc) for _snputc
    printf6.o(i.__0vsprintf$6) refers to printf6.o(i._printf_core) for _printf_core
    printf6.o(i.__0vsprintf$6) refers to printf6.o(i._sputc) for _sputc
    printf6.o(i._printf_core) refers to printf6.o(i._printf_pre_padding) for _printf_pre_padding
    printf6.o(i._printf_core) refers to uidiv.o(.text) for __aeabi_uidivmod
    printf6.o(i._printf_core) refers to printf6.o(i._printf_post_padding) for _printf_post_padding
    printf7.o(i.__0fprintf$7) refers to printf7.o(i._printf_core) for _printf_core
    printf7.o(i.__0fprintf$7) refers to output.o(.text) for fputc
    printf7.o(i.__0printf$7) refers to printf7.o(i._printf_core) for _printf_core
    printf7.o(i.__0printf$7) refers to output.o(.text) for fputc
    printf7.o(i.__0printf$7) refers to stdout.o(.data) for __stdout
    printf7.o(i.__0snprintf$7) refers to printf7.o(i._printf_core) for _printf_core
    printf7.o(i.__0snprintf$7) refers to printf7.o(i._snputc) for _snputc
    printf7.o(i.__0sprintf$7) refers to printf7.o(i._printf_core) for _printf_core
    printf7.o(i.__0sprintf$7) refers to printf7.o(i._sputc) for _sputc
    printf7.o(i.__0vfprintf$7) refers to printf7.o(i._printf_core) for _printf_core
    printf7.o(i.__0vfprintf$7) refers to output.o(.text) for fputc
    printf7.o(i.__0vprintf$7) refers to printf7.o(i._printf_core) for _printf_core
    printf7.o(i.__0vprintf$7) refers to output.o(.text) for fputc
    printf7.o(i.__0vprintf$7) refers to stdout.o(.data) for __stdout
    printf7.o(i.__0vsnprintf$7) refers to printf7.o(i._printf_core) for _printf_core
    printf7.o(i.__0vsnprintf$7) refers to printf7.o(i._snputc) for _snputc
    printf7.o(i.__0vsprintf$7) refers to printf7.o(i._printf_core) for _printf_core
    printf7.o(i.__0vsprintf$7) refers to printf7.o(i._sputc) for _sputc
    printf7.o(i._printf_core) refers to printf7.o(i._printf_pre_padding) for _printf_pre_padding
    printf7.o(i._printf_core) refers to uldiv.o(.text) for __aeabi_uldivmod
    printf7.o(i._printf_core) refers to printf7.o(i._printf_post_padding) for _printf_post_padding
    printf8.o(i.__0fprintf$8) refers to printf8.o(i._printf_core) for _printf_core
    printf8.o(i.__0fprintf$8) refers to output.o(.text) for fputc
    printf8.o(i.__0printf$8) refers to printf8.o(i._printf_core) for _printf_core
    printf8.o(i.__0printf$8) refers to output.o(.text) for fputc
    printf8.o(i.__0printf$8) refers to stdout.o(.data) for __stdout
    printf8.o(i.__0snprintf$8) refers to printf8.o(i._printf_core) for _printf_core
    printf8.o(i.__0snprintf$8) refers to printf8.o(i._snputc) for _snputc
    printf8.o(i.__0sprintf$8) refers to printf8.o(i._printf_core) for _printf_core
    printf8.o(i.__0sprintf$8) refers to printf8.o(i._sputc) for _sputc
    printf8.o(i.__0vfprintf$8) refers to printf8.o(i._printf_core) for _printf_core
    printf8.o(i.__0vfprintf$8) refers to output.o(.text) for fputc
    printf8.o(i.__0vprintf$8) refers to printf8.o(i._printf_core) for _printf_core
    printf8.o(i.__0vprintf$8) refers to output.o(.text) for fputc
    printf8.o(i.__0vprintf$8) refers to stdout.o(.data) for __stdout
    printf8.o(i.__0vsnprintf$8) refers to printf8.o(i._printf_core) for _printf_core
    printf8.o(i.__0vsnprintf$8) refers to printf8.o(i._snputc) for _snputc
    printf8.o(i.__0vsprintf$8) refers to printf8.o(i._printf_core) for _printf_core
    printf8.o(i.__0vsprintf$8) refers to printf8.o(i._sputc) for _sputc
    printf8.o(i._printf_core) refers to printf8.o(i._printf_pre_padding) for _printf_pre_padding
    printf8.o(i._printf_core) refers to uldiv.o(.text) for __aeabi_uldivmod
    printf8.o(i._printf_core) refers to printf8.o(i._printf_post_padding) for _printf_post_padding
    printfa.o(i.__0fprintf) refers (Special) to iusefp.o(.text) for __I$use$fp
    printfa.o(i.__0fprintf) refers to printfa.o(i._printf_core) for _printf_core
    printfa.o(i.__0fprintf) refers to output.o(.text) for fputc
    printfa.o(i.__0printf) refers (Special) to iusefp.o(.text) for __I$use$fp
    printfa.o(i.__0printf) refers to printfa.o(i._printf_core) for _printf_core
    printfa.o(i.__0printf) refers to output.o(.text) for fputc
    printfa.o(i.__0printf) refers to stdout.o(.data) for __stdout
    printfa.o(i.__0snprintf) refers (Special) to iusefp.o(.text) for __I$use$fp
    printfa.o(i.__0snprintf) refers to printfa.o(i._printf_core) for _printf_core
    printfa.o(i.__0snprintf) refers to printfa.o(i._snputc) for _snputc
    printfa.o(i.__0sprintf) refers (Special) to iusefp.o(.text) for __I$use$fp
    printfa.o(i.__0sprintf) refers to printfa.o(i._printf_core) for _printf_core
    printfa.o(i.__0sprintf) refers to printfa.o(i._sputc) for _sputc
    printfa.o(i.__0vfprintf) refers (Special) to iusefp.o(.text) for __I$use$fp
    printfa.o(i.__0vfprintf) refers to printfa.o(i._printf_core) for _printf_core
    printfa.o(i.__0vfprintf) refers to output.o(.text) for fputc
    printfa.o(i.__0vprintf) refers (Special) to iusefp.o(.text) for __I$use$fp
    printfa.o(i.__0vprintf) refers to printfa.o(i._printf_core) for _printf_core
    printfa.o(i.__0vprintf) refers to output.o(.text) for fputc
    printfa.o(i.__0vprintf) refers to stdout.o(.data) for __stdout
    printfa.o(i.__0vsnprintf) refers (Special) to iusefp.o(.text) for __I$use$fp
    printfa.o(i.__0vsnprintf) refers to printfa.o(i._printf_core) for _printf_core
    printfa.o(i.__0vsnprintf) refers to printfa.o(i._snputc) for _snputc
    printfa.o(i.__0vsprintf) refers (Special) to iusefp.o(.text) for __I$use$fp
    printfa.o(i.__0vsprintf) refers to printfa.o(i._printf_core) for _printf_core
    printfa.o(i.__0vsprintf) refers to printfa.o(i._sputc) for _sputc
    printfa.o(i._fp_digits) refers (Special) to iusefp.o(.text) for __I$use$fp
    printfa.o(i._fp_digits) refers to dmul.o(.text) for __aeabi_dmul
    printfa.o(i._fp_digits) refers to ddiv.o(.text) for __aeabi_ddiv
    printfa.o(i._fp_digits) refers to cdrcmple.o(.text) for __aeabi_cdrcmple
    printfa.o(i._fp_digits) refers to dadd.o(.text) for __aeabi_dadd
    printfa.o(i._fp_digits) refers to dfixul.o(.text) for __aeabi_d2ulz
    printfa.o(i._fp_digits) refers to uldiv.o(.text) for __aeabi_uldivmod
    printfa.o(i._printf_core) refers (Special) to iusefp.o(.text) for __I$use$fp
    printfa.o(i._printf_core) refers to printfa.o(i._printf_pre_padding) for _printf_pre_padding
    printfa.o(i._printf_core) refers to uldiv.o(.text) for __aeabi_uldivmod
    printfa.o(i._printf_core) refers to printfa.o(i._printf_post_padding) for _printf_post_padding
    printfa.o(i._printf_core) refers to printfa.o(i._fp_digits) for _fp_digits
    printfa.o(i._printf_core) refers to uidiv.o(.text) for __aeabi_uidivmod
    printfa.o(i._printf_post_padding) refers (Special) to iusefp.o(.text) for __I$use$fp
    printfa.o(i._printf_pre_padding) refers (Special) to iusefp.o(.text) for __I$use$fp
    printfa.o(i._snputc) refers (Special) to iusefp.o(.text) for __I$use$fp
    printfa.o(i._sputc) refers (Special) to iusefp.o(.text) for __I$use$fp
    dadd.o(.text) refers (Special) to iusefp.o(.text) for __I$use$fp
    dadd.o(.text) refers to llshl.o(.text) for __aeabi_llsl
    dadd.o(.text) refers to llsshr.o(.text) for __aeabi_lasr
    dadd.o(.text) refers to depilogue.o(.text) for _double_epilogue
    dmul.o(.text) refers (Special) to iusefp.o(.text) for __I$use$fp
    dmul.o(.text) refers to depilogue.o(.text) for _double_epilogue
    ddiv.o(.text) refers (Special) to iusefp.o(.text) for __I$use$fp
    ddiv.o(.text) refers to depilogue.o(.text) for _double_round
    dflti.o(.text) refers (Special) to iusefp.o(.text) for __I$use$fp
    dflti.o(.text) refers to depilogue.o(.text) for _double_epilogue
    dfltui.o(.text) refers (Special) to iusefp.o(.text) for __I$use$fp
    dfltui.o(.text) refers to depilogue.o(.text) for _double_epilogue
    dfixui.o(.text) refers (Special) to iusefp.o(.text) for __I$use$fp
    dfixui.o(.text) refers to llushr.o(.text) for __aeabi_llsr
    entry2.o(.ARM.Collect$$$$00000001) refers to entry2.o(.ARM.Collect$$$$00002712) for __lit__00000000
    entry2.o(.ARM.Collect$$$$00002712) refers to startup.o(STACK) for __initial_sp
    entry2.o(__vectab_stack_and_reset_area) refers to startup.o(STACK) for __initial_sp
    entry2.o(__vectab_stack_and_reset_area) refers to entry.o(.ARM.Collect$$$$00000000) for __main
    entry5.o(.ARM.Collect$$$$00000004) refers to init.o(.text) for __scatterload
    entry8.o(.ARM.Collect$$$$00000009) refers to display_switch_main.o(.text) for main
    uldiv.o(.text) refers to llushr.o(.text) for __aeabi_llsr
    uldiv.o(.text) refers to llshl.o(.text) for __aeabi_llsl
    depilogue.o(.text) refers to llshl.o(.text) for __aeabi_llsl
    depilogue.o(.text) refers to llushr.o(.text) for __aeabi_llsr
    dfixul.o(.text) refers to llushr.o(.text) for __aeabi_llsr
    dfixul.o(.text) refers to llshl.o(.text) for __aeabi_llsl
    init.o(.text) refers to entry5.o(.ARM.Collect$$$$00000004) for __main_after_scatterload


==============================================================================

Removing Unused input sections from the image.

    Removing startup.o(HEAP), (0 bytes).
    Removing startup.o(.text), (0 bytes).
    Removing interrupt.o(i.IntIsEnabled), (96 bytes).
    Removing interrupt.o(i.IntMasterDisable), (10 bytes).
    Removing interrupt.o(i.IntPendClear), (68 bytes).
    Removing interrupt.o(i.IntPendSet), (84 bytes).
    Removing interrupt.o(i.IntPriorityGet), (28 bytes).
    Removing interrupt.o(i.IntPriorityGroupingGet), (40 bytes).
    Removing interrupt.o(i.IntPriorityGroupingSet), (28 bytes).
    Removing interrupt.o(i.IntPriorityMaskGet), (4 bytes).
    Removing interrupt.o(i.IntPriorityMaskSet), (4 bytes).
    Removing ssi.o(i.SSIClockSourceGet), (6 bytes).
    Removing ssi.o(i.SSIClockSourceSet), (6 bytes).
    Removing ssi.o(i.SSIDMADisable), (10 bytes).
    Removing ssi.o(i.SSIDMAEnable), (8 bytes).
    Removing ssi.o(i.SSIDataGet), (14 bytes).
    Removing ssi.o(i.SSIDataPutNonBlocking), (16 bytes).
    Removing ssi.o(i.SSIIntClear), (4 bytes).
    Removing ssi.o(i.SSIIntDisable), (10 bytes).
    Removing ssi.o(i.SSIIntEnable), (8 bytes).
    Removing ssi.o(i.SSIIntRegister), (52 bytes).
    Removing ssi.o(i.SSIIntStatus), (10 bytes).
    Removing ssi.o(i.SSIIntUnregister), (52 bytes).
    Removing ssi.o(.constdata), (32 bytes).
    Removing sysctl.o(.emb_text), (6 bytes).
    Removing sysctl.o(i.SysCtlADCSpeedGet), (16 bytes).
    Removing sysctl.o(i.SysCtlADCSpeedSet), (32 bytes).
    Removing sysctl.o(i.SysCtlBrownOutConfigSet), (16 bytes).
    Removing sysctl.o(i.SysCtlClkVerificationClear), (20 bytes).
    Removing sysctl.o(i.SysCtlClockSet), (332 bytes).
    Removing sysctl.o(i.SysCtlDeepSleep), (32 bytes).
    Removing sysctl.o(i.SysCtlDeepSleepClockSet), (12 bytes).
    Removing sysctl.o(i.SysCtlFlashSizeGet), (20 bytes).
    Removing sysctl.o(i.SysCtlGPIOAHBDisable), (20 bytes).
    Removing sysctl.o(i.SysCtlGPIOAHBEnable), (16 bytes).
    Removing sysctl.o(i.SysCtlI2SMClkSet), (216 bytes).
    Removing sysctl.o(i.SysCtlIOSCVerificationSet), (24 bytes).
    Removing sysctl.o(i.SysCtlIntClear), (12 bytes).
    Removing sysctl.o(i.SysCtlIntDisable), (16 bytes).
    Removing sysctl.o(i.SysCtlIntEnable), (16 bytes).
    Removing sysctl.o(i.SysCtlIntRegister), (20 bytes).
    Removing sysctl.o(i.SysCtlIntStatus), (16 bytes).
    Removing sysctl.o(i.SysCtlIntUnregister), (18 bytes).
    Removing sysctl.o(i.SysCtlLDOConfigSet), (12 bytes).
    Removing sysctl.o(i.SysCtlLDOGet), (12 bytes).
    Removing sysctl.o(i.SysCtlLDOSet), (12 bytes).
    Removing sysctl.o(i.SysCtlMOSCConfigSet), (12 bytes).
    Removing sysctl.o(i.SysCtlMOSCVerificationSet), (24 bytes).
    Removing sysctl.o(i.SysCtlPIOSCCalibrate), (76 bytes).
    Removing sysctl.o(i.SysCtlPLLVerificationSet), (24 bytes).
    Removing sysctl.o(i.SysCtlPWMClockGet), (24 bytes).
    Removing sysctl.o(i.SysCtlPWMClockSet), (20 bytes).
    Removing sysctl.o(i.SysCtlPeripheralClockGating), (24 bytes).
    Removing sysctl.o(i.SysCtlPeripheralDeepSleepDisable), (80 bytes).
    Removing sysctl.o(i.SysCtlPeripheralDeepSleepEnable), (80 bytes).
    Removing sysctl.o(i.SysCtlPeripheralDisable), (80 bytes).
    Removing sysctl.o(i.SysCtlPeripheralPowerOff), (72 bytes).
    Removing sysctl.o(i.SysCtlPeripheralPowerOn), (72 bytes).
    Removing sysctl.o(i.SysCtlPeripheralPresent), (112 bytes).
    Removing sysctl.o(i.SysCtlPeripheralReady), (72 bytes).
    Removing sysctl.o(i.SysCtlPeripheralReset), (120 bytes).
    Removing sysctl.o(i.SysCtlPeripheralSleepDisable), (80 bytes).
    Removing sysctl.o(i.SysCtlPeripheralSleepEnable), (80 bytes).
    Removing sysctl.o(i.SysCtlPinPresent), (16 bytes).
    Removing sysctl.o(i.SysCtlReset), (16 bytes).
    Removing sysctl.o(i.SysCtlResetCauseClear), (16 bytes).
    Removing sysctl.o(i.SysCtlResetCauseGet), (12 bytes).
    Removing sysctl.o(i.SysCtlSRAMSizeGet), (20 bytes).
    Removing sysctl.o(i.SysCtlSleep), (4 bytes).
    Removing sysctl.o(i.SysCtlUSBPLLDisable), (16 bytes).
    Removing sysctl.o(i.SysCtlUSBPLLEnable), (16 bytes).
    Removing systick.o(i.SysTickDisable), (14 bytes).
    Removing systick.o(i.SysTickIntDisable), (14 bytes).
    Removing systick.o(i.SysTickIntRegister), (24 bytes).
    Removing systick.o(i.SysTickIntUnregister), (18 bytes).
    Removing systick.o(i.SysTickPeriodGet), (10 bytes).
    Removing systick.o(i.SysTickValueGet), (8 bytes).
    Removing dfixul.o(.text), (48 bytes).
    Removing cdrcmple.o(.text), (40 bytes).

79 unused section(s) (total 2830 bytes) removed from the image.

==============================================================================

Image Symbol Table

    Local Symbols

    Symbol Name                              Value     Ov Type        Size  Object(Section)

    RESET                                    0x00000000   Section      632  startup.o(RESET)
    ../../../cmprslib/zerorunl.c             0x00000000   Number         0  __dczerorl.o ABSOLUTE
    ../../microlib/division.c                0x00000000   Number         0  uidiv.o ABSOLUTE
    ../../microlib/division.c                0x00000000   Number         0  uldiv.o ABSOLUTE
    ../../microlib/fpadd.c                   0x00000000   Number         0  dadd.o ABSOLUTE
    ../../microlib/fpdiv.c                   0x00000000   Number         0  ddiv.o ABSOLUTE
    ../../microlib/fpepilogue.c              0x00000000   Number         0  depilogue.o ABSOLUTE
    ../../microlib/fpfix.c                   0x00000000   Number         0  dfixui.o ABSOLUTE
    ../../microlib/fpfix.c                   0x00000000   Number         0  dfixul.o ABSOLUTE
    ../../microlib/fpflt.c                   0x00000000   Number         0  dfltui.o ABSOLUTE
    ../../microlib/fpflt.c                   0x00000000   Number         0  dflti.o ABSOLUTE
    ../../microlib/fpmul.c                   0x00000000   Number         0  dmul.o ABSOLUTE
    ../../microlib/init/entry.s              0x00000000   Number         0  entry.o ABSOLUTE
    ../../microlib/init/entry.s              0x00000000   Number         0  entry5.o ABSOLUTE
    ../../microlib/init/entry.s              0x00000000   Number         0  entry2.o ABSOLUTE
    ../../microlib/init/entry.s              0x00000000   Number         0  entry8.o ABSOLUTE
    ../../microlib/init/entry.s              0x00000000   Number         0  entry7a.o ABSOLUTE
    ../../microlib/init/entry.s              0x00000000   Number         0  entry7b.o ABSOLUTE
    ../../microlib/longlong.c                0x00000000   Number         0  llshl.o ABSOLUTE
    ../../microlib/longlong.c                0x00000000   Number         0  llsshr.o ABSOLUTE
    ../../microlib/longlong.c                0x00000000   Number         0  llushr.o ABSOLUTE
    ../../microlib/printf/printf.c           0x00000000   Number         0  printfb.o ABSOLUTE
    ../../microlib/printf/printf.c           0x00000000   Number         0  printf8.o ABSOLUTE
    ../../microlib/printf/printf.c           0x00000000   Number         0  printfa.o ABSOLUTE
    ../../microlib/printf/printf.c           0x00000000   Number         0  printf4.o ABSOLUTE
    ../../microlib/printf/printf.c           0x00000000   Number         0  printf7.o ABSOLUTE
    ../../microlib/printf/printf.c           0x00000000   Number         0  printf1.o ABSOLUTE
    ../../microlib/printf/printf.c           0x00000000   Number         0  printf6.o ABSOLUTE
    ../../microlib/printf/printf.c           0x00000000   Number         0  printf5.o ABSOLUTE
    ../../microlib/printf/printf.c           0x00000000   Number         0  printf3.o ABSOLUTE
    ../../microlib/printf/printf.c           0x00000000   Number         0  printf2.o ABSOLUTE
    ../../microlib/printf/printf.c           0x00000000   Number         0  printf0.o ABSOLUTE
    ../../microlib/printf/stubs.s            0x00000000   Number         0  stubs.o ABSOLUTE
    ../../microlib/stdio/streams.c           0x00000000   Number         0  stdout.o ABSOLUTE
    ../../microlib/stdlib/rand.c             0x00000000   Number         0  rand.o ABSOLUTE
    ../../microlib/stubs.s                   0x00000000   Number         0  iusefp.o ABSOLUTE
    ..\OLED_1968\Output.c                    0x00000000   Number         0  output.o ABSOLUTE
    ..\OLED_1968\rit128x96x4.c               0x00000000   Number         0  rit128x96x4.o ABSOLUTE
    Display_Switch_Main.c                    0x00000000   Number         0  display_switch_main.o ABSOLUTE
    Display_Switch_Main.c                    0x00000000   Number         0  display_switch_main.o ABSOLUTE
    Startup.s                                0x00000000   Number         0  startup.o ABSOLUTE
    cdrcmple.s                               0x00000000   Number         0  cdrcmple.o ABSOLUTE
    cpu.c                                    0x00000000   Number         0  cpu.o ABSOLUTE
    cpu.c                                    0x00000000   Number         0  cpu.o ABSOLUTE
    dc.s                                     0x00000000   Number         0  dc.o ABSOLUTE
    gpio.c                                   0x00000000   Number         0  gpio.o ABSOLUTE
    handlers.s                               0x00000000   Number         0  handlers.o ABSOLUTE
    init.s                                   0x00000000   Number         0  init.o ABSOLUTE
    interrupt.c                              0x00000000   Number         0  interrupt.o ABSOLUTE
    ssi.c                                    0x00000000   Number         0  ssi.o ABSOLUTE
    sysctl.c                                 0x00000000   Number         0  sysctl.o ABSOLUTE
    sysctl.c                                 0x00000000   Number         0  sysctl.o ABSOLUTE
    systick.c                                0x00000000   Number         0  systick.o ABSOLUTE
    NmiSR                                    0x00000271   Thumb Code     0  startup.o(RESET)
    FaultISR                                 0x00000273   Thumb Code     0  startup.o(RESET)
    IntDefaultHandler                        0x00000275   Thumb Code     0  startup.o(RESET)
    .ARM.Collect$$$$00000000                 0x00000278   Section        0  entry.o(.ARM.Collect$$$$00000000)
    .ARM.Collect$$$$00000001                 0x00000278   Section        4  entry2.o(.ARM.Collect$$$$00000001)
    .ARM.Collect$$$$00000004                 0x0000027c   Section        4  entry5.o(.ARM.Collect$$$$00000004)
    .ARM.Collect$$$$00000008                 0x00000280   Section        0  entry7b.o(.ARM.Collect$$$$00000008)
    .ARM.Collect$$$$00000009                 0x00000280   Section        8  entry8.o(.ARM.Collect$$$$00000009)
    .ARM.Collect$$$$00002712                 0x00000288   Section        4  entry2.o(.ARM.Collect$$$$00002712)
    __lit__00000000                          0x00000288   Data           4  entry2.o(.ARM.Collect$$$$00002712)
    .emb_text                                0x0000028c   Section        6  display_switch_main.o(.emb_text)
    .emb_text                                0x00000294   Section       38  cpu.o(.emb_text)
    .text                                    0x000002bc   Section        0  output.o(.text)
    .text                                    0x00000730   Section        0  rit128x96x4.o(.text)
    RITWriteCommand                          0x00000731   Thumb Code   128  rit128x96x4.o(.text)
    RITWriteData                             0x000007b1   Thumb Code   128  rit128x96x4.o(.text)
    .text                                    0x00000ba4   Section        0  display_switch_main.o(.text)
    .text                                    0x0000133c   Section        0  gpio.o(.text)
    GPIOGetIntNumber                         0x0000133d   Thumb Code   256  gpio.o(.text)
    .text                                    0x00001bc0   Section        0  rand.o(.text)
    .text                                    0x00001be4   Section        0  dadd.o(.text)
    .text                                    0x00001d30   Section        0  dmul.o(.text)
    .text                                    0x00001e10   Section        0  ddiv.o(.text)
    .text                                    0x00001eee   Section        0  dflti.o(.text)
    .text                                    0x00001f10   Section        0  dfltui.o(.text)
    .text                                    0x00001f2a   Section        0  dfixui.o(.text)
    .text                                    0x00001f58   Section        0  uidiv.o(.text)
    .text                                    0x00001f84   Section        0  llshl.o(.text)
    .text                                    0x00001fa2   Section        0  llushr.o(.text)
    .text                                    0x00001fc2   Section        0  llsshr.o(.text)
    .text                                    0x00001fe6   Section        0  iusefp.o(.text)
    .text                                    0x00001fe6   Section        0  depilogue.o(.text)
    .text                                    0x000020a4   Section       36  init.o(.text)
    .text                                    0x000020c8   Section        0  __dczerorl.o(.text)
    i.IntDefaultHandler                      0x00002102   Section        0  interrupt.o(i.IntDefaultHandler)
    IntDefaultHandler                        0x00002103   Thumb Code     2  interrupt.o(i.IntDefaultHandler)
    i.IntDisable                             0x00002104   Section        0  interrupt.o(i.IntDisable)
    i.IntEnable                              0x00002168   Section        0  interrupt.o(i.IntEnable)
    i.IntMasterEnable                        0x000021cc   Section        0  interrupt.o(i.IntMasterEnable)
    i.IntPrioritySet                         0x000021d8   Section        0  interrupt.o(i.IntPrioritySet)
    i.IntRegister                            0x00002200   Section        0  interrupt.o(i.IntRegister)
    i.IntUnregister                          0x00002234   Section        0  interrupt.o(i.IntUnregister)
    i.SSIBusy                                0x00002248   Section        0  ssi.o(i.SSIBusy)
    i.SSIConfigSetExpClk                     0x00002250   Section        0  ssi.o(i.SSIConfigSetExpClk)
    i.SSIDataGetNonBlocking                  0x0000229a   Section        0  ssi.o(i.SSIDataGetNonBlocking)
    i.SSIDataPut                             0x000022ae   Section        0  ssi.o(i.SSIDataPut)
    i.SSIDisable                             0x000022ba   Section        0  ssi.o(i.SSIDisable)
    i.SSIEnable                              0x000022c4   Section        0  ssi.o(i.SSIEnable)
    i.SysCtlClockGet                         0x000022d0   Section        0  sysctl.o(i.SysCtlClockGet)
    i.SysCtlPeripheralEnable                 0x00002500   Section        0  sysctl.o(i.SysCtlPeripheralEnable)
    i.SysTickEnable                          0x00002550   Section        0  systick.o(i.SysTickEnable)
    i.SysTickIntEnable                       0x0000255e   Section        0  systick.o(i.SysTickIntEnable)
    i.SysTickPeriodSet                       0x0000256c   Section        0  systick.o(i.SysTickPeriodSet)
    i.__0printf$3                            0x00002578   Section        0  printf3.o(i.__0printf$3)
    i.__scatterload_copy                     0x00002598   Section       14  handlers.o(i.__scatterload_copy)
    i.__scatterload_null                     0x000025a6   Section        2  handlers.o(i.__scatterload_null)
    i.__scatterload_zeroinit                 0x000025a8   Section       14  handlers.o(i.__scatterload_zeroinit)
    i._printf_core                           0x000025b8   Section        0  printf3.o(i._printf_core)
    _printf_core                             0x000025b9   Thumb Code   432  printf3.o(i._printf_core)
    .constdata                               0x0000276c   Section      571  rit128x96x4.o(.constdata)
    g_pucRIT128x96x4VerticalInc              0x0000276c   Data           2  rit128x96x4.o(.constdata)
    g_pucRIT128x96x4HorizontalInc            0x0000276e   Data           2  rit128x96x4.o(.constdata)
    g_pucFont                                0x00002770   Data         480  rit128x96x4.o(.constdata)
    g_pucRIT128x96x4Init                     0x00002950   Data          79  rit128x96x4.o(.constdata)
    pucCommand1                              0x0000299f   Data           3  rit128x96x4.o(.constdata)
    pucCommand2                              0x000029a2   Data           3  rit128x96x4.o(.constdata)
    pucCommand1                              0x000029a5   Data           2  rit128x96x4.o(.constdata)
    .constdata                               0x000029a7   Section       84  display_switch_main.o(.constdata)
    head                                     0x000029a7   Data          21  display_switch_main.o(.constdata)
    body                                     0x000029bc   Data          21  display_switch_main.o(.constdata)
    fruit                                    0x000029d1   Data          21  display_switch_main.o(.constdata)
    clear                                    0x000029e6   Data          21  display_switch_main.o(.constdata)
    .constdata                               0x000029fc   Section      120  gpio.o(.constdata)
    g_pulGPIOBaseAddrs                       0x000029fc   Data         120  gpio.o(.constdata)
    .constdata                               0x00002a74   Section      268  interrupt.o(.constdata)
    g_pulPriority                            0x00002a74   Data          32  interrupt.o(.constdata)
    g_pulRegs                                0x00002a94   Data         156  interrupt.o(.constdata)
    g_pulEnRegs                              0x00002b30   Data          20  interrupt.o(.constdata)
    g_pulDisRegs                             0x00002b44   Data          20  interrupt.o(.constdata)
    g_pulPendRegs                            0x00002b58   Data          20  interrupt.o(.constdata)
    g_pulUnpendRegs                          0x00002b6c   Data          20  interrupt.o(.constdata)
    .constdata                               0x00002b80   Section      460  sysctl.o(.constdata)
    g_pulDCRegs                              0x00002b80   Data          16  sysctl.o(.constdata)
    g_pulSRCRRegs                            0x00002b90   Data          12  sysctl.o(.constdata)
    g_pulRCGCRegs                            0x00002b9c   Data          12  sysctl.o(.constdata)
    g_pulSCGCRegs                            0x00002ba8   Data          12  sysctl.o(.constdata)
    g_pulDCGCRegs                            0x00002bb4   Data          12  sysctl.o(.constdata)
    g_pulXtals                               0x00002bc0   Data         108  sysctl.o(.constdata)
    g_ppulPeripheralMap                      0x00002c2c   Data         288  sysctl.o(.constdata)
    .data                                    0x20000000   Section        6  output.o(.data)
    CursorX                                  0x20000000   Data           2  output.o(.data)
    CursorY                                  0x20000002   Data           2  output.o(.data)
    Color                                    0x20000004   Data           1  output.o(.data)
    Status                                   0x20000005   Data           1  output.o(.data)
    .data                                    0x20000008   Section       12  rit128x96x4.o(.data)
    g_ulSSIFlags                             0x20000008   Data           4  rit128x96x4.o(.data)
    g_pucBuffer                              0x2000000c   Data           8  rit128x96x4.o(.data)
    .data                                    0x20000014   Section       52  display_switch_main.o(.data)
    .data                                    0x20000048   Section        4  rand.o(.data)
    _rand_state                              0x20000048   Data           4  rand.o(.data)
    .data                                    0x2000004c   Section        4  stdout.o(.data)
    vtable                                   0x20000400   Section      620  interrupt.o(vtable)
    g_pfnRAMVectors                          0x20000400   Data         620  interrupt.o(vtable)
    .bss                                     0x2000066c   Section      504  output.o(.bss)
    CharBuffer                               0x2000066c   Data         252  output.o(.bss)
    ColorBuffer                              0x20000768   Data         252  output.o(.bss)
    .bss                                     0x20000864   Section     1600  display_switch_main.o(.bss)
    STACK                                    0x20000ea8   Section      256  startup.o(STACK)
    StackMem                                 0x20000ea8   Data           0  startup.o(STACK)

    Global Symbols

    Symbol Name                              Value     Ov Type        Size  Object(Section)

    BuildAttributes$$THM_ISAv4$P$D$K$B$S$PE$A:L22UL41UL21$X:L11$S22US41US21$IEEE1$IW$USESV6$~STKCKD$USESV7$~SHL$OTIME$ROPI$EBA8$MICROLIB$REQ8$PRES8$EABIv2 0x00000000   Number         0  anon$$obj.o ABSOLUTE
    __ARM_use_no_argv                        0x00000000   Number         0  display_switch_main.o ABSOLUTE
    __Vectors                                0x00000000   Data           0  startup.o(RESET)
    _printf_a                                0x00000000   Number         0  stubs.o ABSOLUTE
    _printf_c                                0x00000000   Number         0  stubs.o ABSOLUTE
    _printf_charcount                        0x00000000   Number         0  stubs.o ABSOLUTE
    _printf_d                                0x00000000   Number         0  stubs.o ABSOLUTE
    _printf_e                                0x00000000   Number         0  stubs.o ABSOLUTE
    _printf_f                                0x00000000   Number         0  stubs.o ABSOLUTE
    _printf_flags                            0x00000000   Number         0  stubs.o ABSOLUTE
    _printf_fp_dec                           0x00000000   Number         0  stubs.o ABSOLUTE
    _printf_fp_hex                           0x00000000   Number         0  stubs.o ABSOLUTE
    _printf_g                                0x00000000   Number         0  stubs.o ABSOLUTE
    _printf_i                                0x00000000   Number         0  stubs.o ABSOLUTE
    _printf_int_dec                          0x00000000   Number         0  stubs.o ABSOLUTE
    _printf_l                                0x00000000   Number         0  stubs.o ABSOLUTE
    _printf_lc                               0x00000000   Number         0  stubs.o ABSOLUTE
    _printf_ll                               0x00000000   Number         0  stubs.o ABSOLUTE
    _printf_lld                              0x00000000   Number         0  stubs.o ABSOLUTE
    _printf_lli                              0x00000000   Number         0  stubs.o ABSOLUTE
    _printf_llo                              0x00000000   Number         0  stubs.o ABSOLUTE
    _printf_llu                              0x00000000   Number         0  stubs.o ABSOLUTE
    _printf_llx                              0x00000000   Number         0  stubs.o ABSOLUTE
    _printf_longlong_dec                     0x00000000   Number         0  stubs.o ABSOLUTE
    _printf_longlong_hex                     0x00000000   Number         0  stubs.o ABSOLUTE
    _printf_longlong_oct                     0x00000000   Number         0  stubs.o ABSOLUTE
    _printf_ls                               0x00000000   Number         0  stubs.o ABSOLUTE
    _printf_mbtowc                           0x00000000   Number         0  stubs.o ABSOLUTE
    _printf_n                                0x00000000   Number         0  stubs.o ABSOLUTE
    _printf_o                                0x00000000   Number         0  stubs.o ABSOLUTE
    _printf_p                                0x00000000   Number         0  stubs.o ABSOLUTE
    _printf_percent                          0x00000000   Number         0  stubs.o ABSOLUTE
    _printf_pre_padding                      0x00000000   Number         0  stubs.o ABSOLUTE
    _printf_return_value                     0x00000000   Number         0  stubs.o ABSOLUTE
    _printf_s                                0x00000000   Number         0  stubs.o ABSOLUTE
    _printf_sizespec                         0x00000000   Number         0  stubs.o ABSOLUTE
    _printf_str                              0x00000000   Number         0  stubs.o ABSOLUTE
    _printf_truncate_signed                  0x00000000   Number         0  stubs.o ABSOLUTE
    _printf_truncate_unsigned                0x00000000   Number         0  stubs.o ABSOLUTE
    _printf_u                                0x00000000   Number         0  stubs.o ABSOLUTE
    _printf_wc                               0x00000000   Number         0  stubs.o ABSOLUTE
    _printf_wctomb                           0x00000000   Number         0  stubs.o ABSOLUTE
    _printf_widthprec                        0x00000000   Number         0  stubs.o ABSOLUTE
    _printf_x                                0x00000000   Number         0  stubs.o ABSOLUTE
    _clock_init                               - Undefined Weak Reference
    Reset_Handler                            0x0000026d   Thumb Code     0  startup.o(RESET)
    __main                                   0x00000279   Thumb Code     0  entry.o(.ARM.Collect$$$$00000000)
    _main_stk                                0x00000279   Thumb Code     0  entry2.o(.ARM.Collect$$$$00000001)
    _main_scatterload                        0x0000027d   Thumb Code     0  entry5.o(.ARM.Collect$$$$00000004)
    __main_after_scatterload                 0x00000281   Thumb Code     0  entry5.o(.ARM.Collect$$$$00000004)
    _main_clock                              0x00000281   Thumb Code     0  entry7b.o(.ARM.Collect$$$$00000008)
    _main_init                               0x00000281   Thumb Code     0  entry8.o(.ARM.Collect$$$$00000009)
    Delay                                    0x0000028d   Thumb Code     6  display_switch_main.o(.emb_text)
    CPUcpsid                                 0x00000295   Thumb Code     8  cpu.o(.emb_text)
    CPUprimask                               0x0000029d   Thumb Code     6  cpu.o(.emb_text)
    CPUcpsie                                 0x000002a3   Thumb Code     8  cpu.o(.emb_text)
    CPUwfi                                   0x000002ab   Thumb Code     4  cpu.o(.emb_text)
    CPUbasepriSet                            0x000002af   Thumb Code     6  cpu.o(.emb_text)
    CPUbasepriGet                            0x000002b5   Thumb Code     6  cpu.o(.emb_text)
    shiftEverythingUp                        0x000002bd   Thumb Code   218  output.o(.text)
    fputc                                    0x00000397   Thumb Code   640  output.o(.text)
    fgetc                                    0x00000617   Thumb Code     8  output.o(.text)
    ferror                                   0x0000061f   Thumb Code     8  output.o(.text)
    Output_Init                              0x00000627   Thumb Code    98  output.o(.text)
    Output_Clear                             0x00000689   Thumb Code   108  output.o(.text)
    Output_Off                               0x000006f5   Thumb Code    16  output.o(.text)
    Output_On                                0x00000705   Thumb Code    16  output.o(.text)
    Output_Color                             0x00000715   Thumb Code    20  output.o(.text)
    RIT128x96x4Clear                         0x00000831   Thumb Code    76  rit128x96x4.o(.text)
    RIT128x96x4StringDraw                    0x0000087d   Thumb Code   254  rit128x96x4.o(.text)
    RIT128x96x4ImageDraw                     0x0000097b   Thumb Code   120  rit128x96x4.o(.text)
    RIT128x96x4Enable                        0x000009f3   Thumb Code    92  rit128x96x4.o(.text)
    RIT128x96x4Disable                       0x00000a4f   Thumb Code    86  rit128x96x4.o(.text)
    RIT128x96x4Init                          0x00000aa5   Thumb Code   196  rit128x96x4.o(.text)
    RIT128x96x4DisplayOn                     0x00000b69   Thumb Code    40  rit128x96x4.o(.text)
    RIT128x96x4DisplayOff                    0x00000b91   Thumb Code    12  rit128x96x4.o(.text)
    EdgeCounter_Init                         0x00000ba5   Thumb Code    56  display_switch_main.o(.text)
    PORTG_Init                               0x00000bdd   Thumb Code   200  display_switch_main.o(.text)
    LED_Init                                 0x00000ca5   Thumb Code    26  display_switch_main.o(.text)
    SysTick_Init                             0x00000cbf   Thumb Code    22  display_switch_main.o(.text)
    LED_ON                                   0x00000cd5   Thumb Code    10  display_switch_main.o(.text)
    LED_OFF                                  0x00000cdf   Thumb Code    10  display_switch_main.o(.text)
    randRangeNum                             0x00000ce9   Thumb Code    86  display_switch_main.o(.text)
    fruitGeneration                          0x00000d3f   Thumb Code    64  display_switch_main.o(.text)
    printScore                               0x00000d7f   Thumb Code    34  display_switch_main.o(.text)
    fruitCollisionDetection                  0x00000da1   Thumb Code   228  display_switch_main.o(.text)
    motion                                   0x00000e85   Thumb Code   164  display_switch_main.o(.text)
    drawSnake                                0x00000f29   Thumb Code   272  display_switch_main.o(.text)
    GameOver                                 0x00001039   Thumb Code   102  display_switch_main.o(.text)
    bodyCollisionDetection                   0x0000109f   Thumb Code    80  display_switch_main.o(.text)
    levelChoice                              0x000010ef   Thumb Code   102  display_switch_main.o(.text)
    GPIOPortG_Handler                        0x00001155   Thumb Code   110  display_switch_main.o(.text)
    snakeGameInit                            0x000011c3   Thumb Code    90  display_switch_main.o(.text)
    SysTick_Handler                          0x0000121d   Thumb Code    16  display_switch_main.o(.text)
    main                                     0x0000122d   Thumb Code    42  display_switch_main.o(.text)
    GPIODirModeSet                           0x0000143d   Thumb Code    72  gpio.o(.text)
    GPIODirModeGet                           0x00001485   Thumb Code    50  gpio.o(.text)
    GPIOIntTypeSet                           0x000014b7   Thumb Code   106  gpio.o(.text)
    GPIOIntTypeGet                           0x00001521   Thumb Code    68  gpio.o(.text)
    GPIOPadConfigSet                         0x00001565   Thumb Code   306  gpio.o(.text)
    GPIOPadConfigGet                         0x00001697   Thumb Code   226  gpio.o(.text)
    GPIOPinIntEnable                         0x00001779   Thumb Code    18  gpio.o(.text)
    GPIOPinIntDisable                        0x0000178b   Thumb Code    18  gpio.o(.text)
    GPIOPinIntStatus                         0x0000179d   Thumb Code    20  gpio.o(.text)
    GPIOPinIntClear                          0x000017b1   Thumb Code     8  gpio.o(.text)
    GPIOPortIntRegister                      0x000017b9   Thumb Code    30  gpio.o(.text)
    GPIOPortIntUnregister                    0x000017d7   Thumb Code    26  gpio.o(.text)
    GPIOPinRead                              0x000017f1   Thumb Code    14  gpio.o(.text)
    GPIOPinWrite                             0x000017ff   Thumb Code    12  gpio.o(.text)
    GPIOPinTypeADC                           0x0000180b   Thumb Code    32  gpio.o(.text)
    GPIOPinTypeCAN                           0x0000182b   Thumb Code    32  gpio.o(.text)
    GPIOPinTypeComparator                    0x0000184b   Thumb Code    32  gpio.o(.text)
    GPIOPinTypeEPI                           0x0000186b   Thumb Code    32  gpio.o(.text)
    GPIOPinTypeEthernetLED                   0x0000188b   Thumb Code    32  gpio.o(.text)
    GPIOPinTypeEthernetMII                   0x000018ab   Thumb Code    32  gpio.o(.text)
    GPIOPinTypeFan                           0x000018cb   Thumb Code    32  gpio.o(.text)
    GPIOPinTypeGPIOInput                     0x000018eb   Thumb Code    32  gpio.o(.text)
    GPIOPinTypeGPIOOutput                    0x0000190b   Thumb Code    34  gpio.o(.text)
    GPIOPinTypeGPIOOutputOD                  0x0000192d   Thumb Code    34  gpio.o(.text)
    GPIOPinTypeI2C                           0x0000194f   Thumb Code    32  gpio.o(.text)
    GPIOPinTypeI2CSCL                        0x0000196f   Thumb Code    60  gpio.o(.text)
    GPIOPinTypeI2S                           0x000019ab   Thumb Code    32  gpio.o(.text)
    GPIOPinTypeLPC                           0x000019cb   Thumb Code    32  gpio.o(.text)
    GPIOPinTypePECIRx                        0x000019eb   Thumb Code    32  gpio.o(.text)
    GPIOPinTypePECITx                        0x00001a0b   Thumb Code    32  gpio.o(.text)
    GPIOPinTypePWM                           0x00001a2b   Thumb Code    32  gpio.o(.text)
    GPIOPinTypeQEI                           0x00001a4b   Thumb Code    32  gpio.o(.text)
    GPIOPinTypeSSI                           0x00001a6b   Thumb Code    32  gpio.o(.text)
    GPIOPinTypeTimer                         0x00001a8b   Thumb Code    32  gpio.o(.text)
    GPIOPinTypeUART                          0x00001aab   Thumb Code    32  gpio.o(.text)
    GPIOPinTypeUSBAnalog                     0x00001acb   Thumb Code    32  gpio.o(.text)
    GPIOPinTypeUSBDigital                    0x00001aeb   Thumb Code    32  gpio.o(.text)
    GPIOPinConfigure                         0x00001b0b   Thumb Code    92  gpio.o(.text)
    GPIODMATriggerEnable                     0x00001b67   Thumb Code    18  gpio.o(.text)
    GPIODMATriggerDisable                    0x00001b79   Thumb Code    18  gpio.o(.text)
    GPIOADCTriggerEnable                     0x00001b8b   Thumb Code    18  gpio.o(.text)
    GPIOADCTriggerDisable                    0x00001b9d   Thumb Code    18  gpio.o(.text)
    rand                                     0x00001bc1   Thumb Code    20  rand.o(.text)
    srand                                    0x00001bd5   Thumb Code     6  rand.o(.text)
    __aeabi_dadd                             0x00001be5   Thumb Code   320  dadd.o(.text)
    __aeabi_dsub                             0x00001d25   Thumb Code     6  dadd.o(.text)
    __aeabi_drsub                            0x00001d2b   Thumb Code     6  dadd.o(.text)
    __aeabi_dmul                             0x00001d31   Thumb Code   224  dmul.o(.text)
    __aeabi_ddiv                             0x00001e11   Thumb Code   222  ddiv.o(.text)
    __aeabi_i2d                              0x00001eef   Thumb Code    34  dflti.o(.text)
    __aeabi_ui2d                             0x00001f11   Thumb Code    26  dfltui.o(.text)
    __aeabi_d2uiz                            0x00001f2b   Thumb Code    46  dfixui.o(.text)
    __aeabi_uidiv                            0x00001f59   Thumb Code     0  uidiv.o(.text)
    __aeabi_uidivmod                         0x00001f59   Thumb Code    44  uidiv.o(.text)
    __aeabi_llsl                             0x00001f85   Thumb Code    30  llshl.o(.text)
    _ll_shift_l                              0x00001f85   Thumb Code     0  llshl.o(.text)
    __aeabi_llsr                             0x00001fa3   Thumb Code    32  llushr.o(.text)
    _ll_ushift_r                             0x00001fa3   Thumb Code     0  llushr.o(.text)
    __aeabi_lasr                             0x00001fc3   Thumb Code    36  llsshr.o(.text)
    _ll_sshift_r                             0x00001fc3   Thumb Code     0  llsshr.o(.text)
    __I$use$fp                               0x00001fe7   Thumb Code     0  iusefp.o(.text)
    _double_round                            0x00001fe7   Thumb Code    26  depilogue.o(.text)
    _double_epilogue                         0x00002001   Thumb Code   164  depilogue.o(.text)
    __scatterload                            0x000020a5   Thumb Code    28  init.o(.text)
    __scatterload_rt2                        0x000020a5   Thumb Code     0  init.o(.text)
    __decompress                             0x000020c9   Thumb Code     0  __dczerorl.o(.text)
    __decompress0                            0x000020c9   Thumb Code    58  __dczerorl.o(.text)
    IntDisable                               0x00002105   Thumb Code    92  interrupt.o(i.IntDisable)
    IntEnable                                0x00002169   Thumb Code    92  interrupt.o(i.IntEnable)
    IntMasterEnable                          0x000021cd   Thumb Code    10  interrupt.o(i.IntMasterEnable)
    IntPrioritySet                           0x000021d9   Thumb Code    36  interrupt.o(i.IntPrioritySet)
    IntRegister                              0x00002201   Thumb Code    44  interrupt.o(i.IntRegister)
    IntUnregister                            0x00002235   Thumb Code    10  interrupt.o(i.IntUnregister)
    SSIBusy                                  0x00002249   Thumb Code     8  ssi.o(i.SSIBusy)
    SSIConfigSetExpClk                       0x00002251   Thumb Code    74  ssi.o(i.SSIConfigSetExpClk)
    SSIDataGetNonBlocking                    0x0000229b   Thumb Code    20  ssi.o(i.SSIDataGetNonBlocking)
    SSIDataPut                               0x000022af   Thumb Code    12  ssi.o(i.SSIDataPut)
    SSIDisable                               0x000022bb   Thumb Code    10  ssi.o(i.SSIDisable)
    SSIEnable                                0x000022c5   Thumb Code    10  ssi.o(i.SSIEnable)
    SysCtlClockGet                           0x000022d1   Thumb Code   514  sysctl.o(i.SysCtlClockGet)
    SysCtlPeripheralEnable                   0x00002501   Thumb Code    70  sysctl.o(i.SysCtlPeripheralEnable)
    SysTickEnable                            0x00002551   Thumb Code    14  systick.o(i.SysTickEnable)
    SysTickIntEnable                         0x0000255f   Thumb Code    14  systick.o(i.SysTickIntEnable)
    SysTickPeriodSet                         0x0000256d   Thumb Code    10  systick.o(i.SysTickPeriodSet)
    __0printf$3                              0x00002579   Thumb Code    22  printf3.o(i.__0printf$3)
    __1printf$3                              0x00002579   Thumb Code     0  printf3.o(i.__0printf$3)
    __2printf                                0x00002579   Thumb Code     0  printf3.o(i.__0printf$3)
    __scatterload_copy                       0x00002599   Thumb Code    14  handlers.o(i.__scatterload_copy)
    __scatterload_null                       0x000025a7   Thumb Code     2  handlers.o(i.__scatterload_null)
    __scatterload_zeroinit                   0x000025a9   Thumb Code    14  handlers.o(i.__scatterload_zeroinit)
    Region$$Table$$Base                      0x00002d4c   Number         0  anon$$obj.o(Region$$Table)
    Region$$Table$$Limit                     0x00002d6c   Number         0  anon$$obj.o(Region$$Table)
    FallingEdges                             0x20000014   Data           4  display_switch_main.o(.data)
    Xfr                                      0x20000018   Data           4  display_switch_main.o(.data)
    Yfr                                      0x2000001c   Data           4  display_switch_main.o(.data)
    score                                    0x20000020   Data           4  display_switch_main.o(.data)
    k                                        0x20000024   Data           4  display_switch_main.o(.data)
    i                                        0x20000028   Data           4  display_switch_main.o(.data)
    length                                   0x2000002c   Data           4  display_switch_main.o(.data)
    times                                    0x20000030   Data           4  display_switch_main.o(.data)
    s                                        0x20000034   Data           4  display_switch_main.o(.data)
    FruitX                                   0x20000038   Data           4  display_switch_main.o(.data)
    FruitY                                   0x2000003c   Data           4  display_switch_main.o(.data)
    type                                     0x20000040   Data           4  display_switch_main.o(.data)
    direction                                0x20000044   Data           4  display_switch_main.o(.data)
    __stdout                                 0x2000004c   Data           4  stdout.o(.data)
    SnakeX                                   0x20000864   Data         800  display_switch_main.o(.bss)
    SnakeY                                   0x20000b84   Data         800  display_switch_main.o(.bss)
    __initial_sp                             0x20000fa8   Data           0  startup.o(STACK)



==============================================================================

Memory Map of the image

  Image Entry point : 0x0000026d

  Load Region LR_1 (Base: 0x00000000, Size: 0x000033d8, Max: 0xffffffff, ABSOLUTE, COMPRESSED[0x00002d80])

    Execution Region ER_RO (Base: 0x00000000, Size: 0x00002d6c, Max: 0xffffffff, ABSOLUTE)

    Base Addr    Size         Type   Attr      Idx    E Section Name        Object

    0x00000000   0x00000278   Code   RO            3  * RESET               startup.o
    0x00000278   0x00000000   Code   RO          768  * .ARM.Collect$$$$00000000  mc_w.l(entry.o)
    0x00000278   0x00000004   Code   RO         1047    .ARM.Collect$$$$00000001  mc_w.l(entry2.o)
    0x0000027c   0x00000004   Code   RO         1050    .ARM.Collect$$$$00000004  mc_w.l(entry5.o)
    0x00000280   0x00000000   Code   RO         1052    .ARM.Collect$$$$00000008  mc_w.l(entry7b.o)
    0x00000280   0x00000008   Code   RO         1053    .ARM.Collect$$$$00000009  mc_w.l(entry8.o)
    0x00000288   0x00000004   Code   RO         1048    .ARM.Collect$$$$00002712  mc_w.l(entry2.o)
    0x0000028c   0x00000006   Code   RO           77    .emb_text           display_switch_main.o
    0x00000292   0x00000002   PAD
    0x00000294   0x00000026   Code   RO          758    .emb_text           driverlib-cm3.lib(cpu.o)
    0x000002ba   0x00000002   PAD
    0x000002bc   0x00000474   Code   RO            9    .text               output.o
    0x00000730   0x00000474   Code   RO           35    .text               rit128x96x4.o
    0x00000ba4   0x00000798   Code   RO           78    .text               display_switch_main.o
    0x0000133c   0x00000884   Code   RO          122    .text               gpio.o
    0x00001bc0   0x00000024   Code   RO          771    .text               mc_w.l(rand.o)
    0x00001be4   0x0000014c   Code   RO         1035    .text               mf_w.l(dadd.o)
    0x00001d30   0x000000e0   Code   RO         1037    .text               mf_w.l(dmul.o)
    0x00001e10   0x000000de   Code   RO         1039    .text               mf_w.l(ddiv.o)
    0x00001eee   0x00000022   Code   RO         1041    .text               mf_w.l(dflti.o)
    0x00001f10   0x0000001a   Code   RO         1043    .text               mf_w.l(dfltui.o)
    0x00001f2a   0x0000002e   Code   RO         1045    .text               mf_w.l(dfixui.o)
    0x00001f58   0x0000002c   Code   RO         1055    .text               mc_w.l(uidiv.o)
    0x00001f84   0x0000001e   Code   RO         1059    .text               mc_w.l(llshl.o)
    0x00001fa2   0x00000020   Code   RO         1061    .text               mc_w.l(llushr.o)
    0x00001fc2   0x00000024   Code   RO         1063    .text               mc_w.l(llsshr.o)
    0x00001fe6   0x00000000   Code   RO         1065    .text               mc_w.l(iusefp.o)
    0x00001fe6   0x000000be   Code   RO         1066    .text               mf_w.l(depilogue.o)
    0x000020a4   0x00000024   Code   RO         1072    .text               mc_w.l(init.o)
    0x000020c8   0x0000003a   Code   RO         1082    .text               mc_w.l(__dczerorl.o)
    0x00002102   0x00000002   Code   RO          142    i.IntDefaultHandler  driverlib-cm3.lib(interrupt.o)
    0x00002104   0x00000064   Code   RO          143    i.IntDisable        driverlib-cm3.lib(interrupt.o)
    0x00002168   0x00000064   Code   RO          144    i.IntEnable         driverlib-cm3.lib(interrupt.o)
    0x000021cc   0x0000000a   Code   RO          147    i.IntMasterEnable   driverlib-cm3.lib(interrupt.o)
    0x000021d6   0x00000002   PAD
    0x000021d8   0x00000028   Code   RO          155    i.IntPrioritySet    driverlib-cm3.lib(interrupt.o)
    0x00002200   0x00000034   Code   RO          156    i.IntRegister       driverlib-cm3.lib(interrupt.o)
    0x00002234   0x00000014   Code   RO          157    i.IntUnregister     driverlib-cm3.lib(interrupt.o)
    0x00002248   0x00000008   Code   RO          264    i.SSIBusy           driverlib-cm3.lib(ssi.o)
    0x00002250   0x0000004a   Code   RO          267    i.SSIConfigSetExpClk  driverlib-cm3.lib(ssi.o)
    0x0000229a   0x00000014   Code   RO          271    i.SSIDataGetNonBlocking  driverlib-cm3.lib(ssi.o)
    0x000022ae   0x0000000c   Code   RO          272    i.SSIDataPut        driverlib-cm3.lib(ssi.o)
    0x000022ba   0x0000000a   Code   RO          274    i.SSIDisable        driverlib-cm3.lib(ssi.o)
    0x000022c4   0x0000000a   Code   RO          275    i.SSIEnable         driverlib-cm3.lib(ssi.o)
    0x000022ce   0x00000002   PAD
    0x000022d0   0x00000230   Code   RO          397    i.SysCtlClockGet    driverlib-cm3.lib(sysctl.o)
    0x00002500   0x00000050   Code   RO          425    i.SysCtlPeripheralEnable  driverlib-cm3.lib(sysctl.o)
    0x00002550   0x0000000e   Code   RO          696    i.SysTickEnable     driverlib-cm3.lib(systick.o)
    0x0000255e   0x0000000e   Code   RO          698    i.SysTickIntEnable  driverlib-cm3.lib(systick.o)
    0x0000256c   0x0000000a   Code   RO          702    i.SysTickPeriodSet  driverlib-cm3.lib(systick.o)
    0x00002576   0x00000002   PAD
    0x00002578   0x00000020   Code   RO          863    i.__0printf$3       mc_w.l(printf3.o)
    0x00002598   0x0000000e   Code   RO         1076    i.__scatterload_copy  mc_w.l(handlers.o)
    0x000025a6   0x00000002   Code   RO         1077    i.__scatterload_null  mc_w.l(handlers.o)
    0x000025a8   0x0000000e   Code   RO         1078    i.__scatterload_zeroinit  mc_w.l(handlers.o)
    0x000025b6   0x00000002   PAD
    0x000025b8   0x000001b4   Code   RO          870    i._printf_core      mc_w.l(printf3.o)
    0x0000276c   0x0000023b   Data   RO           36    .constdata          rit128x96x4.o
    0x000029a7   0x00000054   Data   RO           80    .constdata          display_switch_main.o
    0x000029fb   0x00000001   PAD
    0x000029fc   0x00000078   Data   RO          123    .constdata          gpio.o
    0x00002a74   0x0000010c   Data   RO          158    .constdata          driverlib-cm3.lib(interrupt.o)
    0x00002b80   0x000001cc   Data   RO          441    .constdata          driverlib-cm3.lib(sysctl.o)
    0x00002d4c   0x00000020   Data   RO         1074    Region$$Table       anon$$obj.o


    Execution Region ER_RW (Base: 0x20000000, Size: 0x0000066c, Max: 0xffffffff, ABSOLUTE, COMPRESSED[0x00000014])

    Base Addr    Size         Type   Attr      Idx    E Section Name        Object

    0x20000000   0x00000006   Data   RW           11    .data               output.o
    0x20000006   0x00000002   PAD
    0x20000008   0x0000000c   Data   RW           37    .data               rit128x96x4.o
    0x20000014   0x00000034   Data   RW           81    .data               display_switch_main.o
    0x20000048   0x00000004   Data   RW          772    .data               mc_w.l(rand.o)
    0x2000004c   0x00000004   Data   RW         1054    .data               mc_w.l(stdout.o)
    0x20000050   0x000003b0   PAD
    0x20000400   0x0000026c   Data   RW          159    vtable              driverlib-cm3.lib(interrupt.o)


    Execution Region ER_ZI (Base: 0x2000066c, Size: 0x0000093c, Max: 0xffffffff, ABSOLUTE)

    Base Addr    Size         Type   Attr      Idx    E Section Name        Object

    0x2000066c   0x000001f8   Zero   RW           10    .bss                output.o
    0x20000864   0x00000640   Zero   RW           79    .bss                display_switch_main.o
    0x20000ea4   0x00000004   PAD
    0x20000ea8   0x00000100   Zero   RW            1    STACK               startup.o


==============================================================================

Image component sizes


      Code (inc. data)   RO Data    RW Data    ZI Data      Debug   Object Name

      1950        346         84         52       1600       5256   display_switch_main.o
      2180         46        120          0          0      11449   gpio.o
      1140         36          0          6        504       5710   output.o
      1140         52        571         12          0       7622   rit128x96x4.o
       632        622          0          0        256        256   startup.o

    ----------------------------------------------------------------------
      7044       1102        808         72       2364      30293   Object Totals
         0          0         32          0          0          0   (incl. Generated)
         2          0          1          2          4          0   (incl. Padding)

    ----------------------------------------------------------------------

      Code (inc. data)   RO Data    RW Data    ZI Data      Debug   Library Member Name

        38          0          0          0          0        468   cpu.o
       324         38        268        620          0       7298   interrupt.o
       134          0          0          0          0       3001   ssi.o
       640         56        460          0          0       2938   sysctl.o
        38          0          0          0          0       1158   systick.o
        58          0          0          0          0          0   __dczerorl.o
         0          0          0          0          0          0   entry.o
         8          4          0          0          0          0   entry2.o
         4          0          0          0          0          0   entry5.o
         0          0          0          0          0          0   entry7b.o
         8          4          0          0          0          0   entry8.o
        30          0          0          0          0          0   handlers.o
        36          8          0          0          0         68   init.o
         0          0          0          0          0          0   iusefp.o
        30          0          0          0          0         68   llshl.o
        36          0          0          0          0         68   llsshr.o
        32          0          0          0          0         68   llushr.o
       468         14          0          0          0        180   printf3.o
        36         10          0          4          0        136   rand.o
         0          0          0          4          0          0   stdout.o
        44          0          0          0          0         80   uidiv.o
       332          0          0          0          0        148   dadd.o
       222          0          0          0          0        100   ddiv.o
       190          0          0          0          0        176   depilogue.o
        46          0          0          0          0         68   dfixui.o
        34          0          0          0          0         76   dflti.o
        26          0          0          0          0         76   dfltui.o
       224          0          0          0          0         96   dmul.o

    ----------------------------------------------------------------------
      3048        134        728       1572          0      16271   Library Totals
        10          0          0        944          0          0   (incl. Padding)

    ----------------------------------------------------------------------

      Code (inc. data)   RO Data    RW Data    ZI Data      Debug   Library Name

      1174         94        728        620          0      14863   driverlib-cm3.lib
       790         40          0          8          0        668   mc_w.l
      1074          0          0          0          0        740   mf_w.l

    ----------------------------------------------------------------------
      3048        134        728       1572          0      16271   Library Totals

    ----------------------------------------------------------------------

==============================================================================


      Code (inc. data)   RO Data    RW Data    ZI Data      Debug   

     10092       1236       1536       1644       2364      44588   Grand Totals
     10092       1236       1536         20       2364      44588   ELF Image Totals (compressed)
     10092       1236       1536         20          0          0   ROM Totals

==============================================================================

    Total RO  Size (Code + RO Data)                11628 (  11.36kB)
    Total RW  Size (RW Data + ZI Data)              4008 (   3.91kB)
    Total ROM Size (Code + RO Data + RW Data)      11648 (  11.38kB)

==============================================================================

